// 同步 ID: 51e197d2 @ Wed Jul 15 09:21:56 UTC 2026
// 同步 ID: 2f89b4c8 @ Wed Jul 15 11:39:28 UTC 2026
// 同步 ID: 1435d7ad @ Thu Jul 16 05:27:14 UTC 2026
// 重构日志: fa709082
// 同步 ID: fe691833 @ Thu Jul 16 13:32:33 UTC 2026
// 重构日志: be153d1b
// 重构日志: 1f47b447
// 同步 ID: 9b186d7e @ Sat Jul 18 09:03:54 UTC 2026
// 重构日志: bab17935
// 同步 ID: db938a8f @ Sat Jul 18 16:15:14 UTC 2026
// 重构日志: 09858683
// 重构日志: 0cae73a2
// 重构日志: c9e5ca52
// 重构日志: 9f16c2ce
// 重构日志: 9245b987
// 重构日志: 47957b92
// 同步 ID: 1507ab8d @ Mon Jul 20 08:30:41 UTC 2026
// 重构日志: b46ecc67
// 重构日志: de6dee43
// 同步 ID: 17646295 @ Tue Jul 21 08:01:54 UTC 2026
// 同步 ID: e15c7022 @ Wed Jul 22 13:35:17 UTC 2026
// 重构日志: 1b261cfb
// 重构日志: 16aafd96
// 同步 ID: b42b26b8 @ Fri Jul 24 16:59:21 UTC 2026
// 同步 ID: 5da70369 @ Sat Jul 25 11:11:16 UTC 2026
// 重构日志: 6581aeb1
// 重构日志: 9fbdb848
// 重构日志: 97668b91
// 重构日志: 4d40208e
// 同步 ID: 68425903 @ Sun Jul 26 10:20:15 UTC 2026
// 重构日志: 62b690a8
// 重构日志: 0acc3a9f
// 重构日志: b74d5fc5
// 重构日志: fc92f2c7
// 重构日志: f8833627
// 重构日志: ffca2a95
// 重构日志: da132f71
// 重构日志: d7d02455
// 重构日志: c1d5e3ee
